{
  "craftApproved": false,
  "exactReplay": true,
  "findings": [
    {
      "declared": "off-axis",
      "message": "\"e3\" has an edge at 144.5°, 9.5° off the nearest permitted axis (135°), and the program declared `off-axis` for it. Nothing to fix — confirm the diagonal is the drawing. Off-axis edges are 29.3% of the set's stroked icons, so this is the set's own habit rather than drift.",
      "rule": "off-axis",
      "severity": "warn",
      "finish": "outlined"
    },
    {
      "declared": "off-axis",
      "message": "\"e3\" has an edge at 35.5°, 9.5° off the nearest permitted axis (45°), and the program declared `off-axis` for it. Nothing to fix — confirm the diagonal is the drawing. Off-axis edges are 29.3% of the set's stroked icons, so this is the set's own habit rather than drift.",
      "rule": "off-axis",
      "severity": "warn",
      "finish": "outlined"
    }
  ],
  "nativeSize": 24,
  "paints": [
    "outlined",
    "filled"
  ],
  "pairChecked": true,
  "pairIssues": [],
  "preview16": "downsample",
  "snapshot": ".staging/wave-go-four-repairs-2026-09-09/replay-sharp354/bookmark-play/check-gO53Zm",
  "style": "37e1a525cb5968d9d9ae914fa8394a273c0f084fa2e6cff19a9934b0f2924f51"
}
