npm warn deprecated @react-email/components@1.0.12: Package no longer supported. Contact Support at https://www.npmjs.com/support for more info.
npm warn deprecated @react-email/section@0.0.17: Package no longer supported. Contact Support at https://www.npmjs.com/support for more info.
npm warn deprecated @react-email/img@0.0.12: Package no longer supported. Contact Support at https://www.npmjs.com/support for more info.
npm warn deprecated @react-email/heading@0.0.16: Package no longer supported. Contact Support at https://www.npmjs.com/support for more info.
npm warn deprecated @react-email/link@0.0.13: Package no longer supported. Contact Support at https://www.npmjs.com/support for more info.
npm warn deprecated @react-email/container@0.0.16: Package no longer supported. Contact Support at https://www.npmjs.com/support for more info.
npm warn deprecated @react-email/html@0.0.12: Package no longer supported. Contact Support at https://www.npmjs.com/support for more info.
npm warn deprecated @react-email/hr@0.0.12: Package no longer supported. Contact Support at https://www.npmjs.com/support for more info.
npm warn deprecated @react-email/code-inline@0.0.6: Package no longer supported. Contact Support at https://www.npmjs.com/support for more info.
npm warn deprecated @react-email/head@0.0.13: Package no longer supported. Contact Support at https://www.npmjs.com/support for more info.
npm warn deprecated @react-email/font@0.0.10: Package no longer supported. Contact Support at https://www.npmjs.com/support for more info.
npm warn deprecated @react-email/column@0.0.14: Package no longer supported. Contact Support at https://www.npmjs.com/support for more info.
npm warn deprecated @react-email/row@0.0.13: Package no longer supported. Contact Support at https://www.npmjs.com/support for more info.
npm warn deprecated @react-email/text@0.1.6: Package no longer supported. Contact Support at https://www.npmjs.com/support for more info.
npm warn deprecated @react-email/preview@0.0.14: Package no longer supported. Contact Support at https://www.npmjs.com/support for more info.
npm warn deprecated @react-email/body@0.3.0: Package no longer supported. Contact Support at https://www.npmjs.com/support for more info.
npm warn deprecated @react-email/button@0.2.1: Package no longer supported. Contact Support at https://www.npmjs.com/support for more info.
npm warn deprecated @react-email/markdown@0.0.18: Package no longer supported. Contact Support at https://www.npmjs.com/support for more info.
npm warn deprecated @react-email/tailwind@2.0.7: Package no longer supported. Contact Support at https://www.npmjs.com/support for more info.
npm warn deprecated @react-email/code-block@0.2.1: Package no longer supported. Contact Support at https://www.npmjs.com/support for more info.

> prepare
> lefthook install || true

│  > git rev-parse --path-format=absolute --show-toplevel --git-path hooks --git-path info --git-dir
│    fatal: not a git repository (or any of the parent directories): .git                           
│                                                                                                   
exit status 128

added 336 packages in 10s
npm warn install-scripts 4 packages have install scripts not yet covered by allowScripts:
npm warn install-scripts   core-js@3.50.0 (postinstall: node -e "try{require('./postinstall')}catch(e){}")
npm warn install-scripts   esbuild@0.28.2 (postinstall: node install.js)
npm warn install-scripts   fsevents@2.3.3 (install: (install scripts present))
npm warn install-scripts   lefthook@2.1.10 (postinstall: node postinstall.js)
npm warn install-scripts
npm warn install-scripts Run `npm install-scripts ls` to review, or `npm install-scripts approve <pkg>` to allow.
